Microchip MPLAB XC8 Compiler V3.10

Linker command line:

-W-3 \
  --edf=C:\Program Files\Microchip\xc8\v3.10\pic\dat\20250813170317_en.msgs \
  -cn -h+dist/default/production\Black_Box.X.production.sym \
  --cmf=dist/default/production\Black_Box.X.production.cmf -z -Q18F4580 \
  -oC:\Users\HP\AppData\Local\Temp\xcBs2lw.1\driver_tmp_3.o \
  --defsym=__MPLAB_BUILD=1 --fixupoverflow=error \
  -Mdist/default/production/Black_Box.X.production.map \
  --md=C:\Users\HP\AppData\Local\Temp\xcBs2lw.1\driver_tmp_0.dat -E1 \
  -ver=XC8 Compiler -ACODE=00h-04000h -ACONST=00h-04000h \
  -ASMALLCONST=0600h-06FFhx58,04000h-04000h -AMEDIUMCONST=0600h-04000h \
  -ACOMRAM=01h-05Fh -AABS1=00h-05FFh -ABIGRAM=01h-05FFh \
  -ARAM=060h-0FFh,0100h-01FFhx5 -ABANK0=060h-0FFh -ABANK1=0100h-01FFh \
  -ABANK2=0200h-02FFh -ABANK3=0300h-03FFh -ABANK4=0400h-04FFh \
  -ABANK5=0500h-05FFh -ASFR=0D00h-0DFFhx2,0F00h-0F5Fh,0F60h-0FFFh \
  -ABIGSFR=0D00h-0FFFh -ACONFIG=0300000h-030000Dh -AIDLOC=0200000h-0200007h \
  -AEEDATA=0F00000h-0F000FFh -peeprom_data=EEDATA \
  -preset_vec=00h,intcode=8h,intcodelo=18h,sivt_lo,sivt_hi=CODE \
  -ppowerup=CODE,init -pramtop=0600h -psmallconst=SMALLCONST \
  -pmediumconst=MEDIUMCONST -pconst=CONST -AFARRAM=00h-00h \
  -prdata=COMRAM,nvrram=COMRAM,nvbit=COMRAM,rbss=COMRAM,rbit=COMRAM \
  -pfarbss=FARRAM,fardata=FARRAM,nvFARRAM=FARRAM \
  -pintsave_regs=BIGRAM,bigbss=BIGRAM,bigdata=BIGRAM -pbss=RAM \
  -pidata=CODE,irdata=CODE,ibigdata=CODE,ifardata=CODE -prparam=COMRAM \
  C:\Users\HP\AppData\Local\Temp\xcBs2lw.1\driver_tmp_9.o \
  dist/default/production\Black_Box.X.production.o 

Object code version is 3.11

Machine type is 18F4580



                Name                               Link     Load   Length Selector   Space Scale
C:\Users\HP\AppData\Local\Temp\xcBs2lw.1\driver_tmp_9.o
                idloc                            200000   200000        8        0       5
                config                           300000   300000        E        0       4
                init                               3FFC     3FFC        4     1FFE       0
                reset_vec                             0        0        4        0       0
dist/default/production\Black_Box.X.production.o
                idloc                            200000   200000        8        0       5
                config                           300000   300000        E        0       4
                mediumconst                        3FC6     3FC6       36     1FE3       0
                text43                             2310     2310       3A     1188       0
                text42                             25FE     25FE       6C     12FF       0
                text41                             23D8     23D8       52     11EC       0
                text40                             21E6     21E6       18     10F3       0
                text39                             2D8C     2D8C      18E     16C6       0
                text38                             259A     259A       64     12CD       0
                text37                             219A     219A       12     10CD       0
                text36                             2F1A     2F1A      190     178D       0
                text35                             21FE     21FE       18     10FF       0
                text34                             247E     247E       5E     123F       0
                text33                             295E     295E       E4     14AF       0
                text32                             2216     2216       1C     110B       0
                text31                             27E2     27E2       A6     13F1       0
                text30                             215C     215C        6     10AE       0
                text29                             21AC     21AC       12     10D6       0
                text28                             2162     2162        8     10B1       0
                text27                             2182     2182        C     10C1       0
                text26                             216A     216A        8     10B5       0
                text25                             2172     2172        8     10B9       0
                text24                             217A     217A        8     10BD       0
                text23                             218E     218E        C     10C7       0
                text22                             228C     228C       2A     1146       0
                text21                             224E     224E       1E     1127       0
                text20                             2390     2390       48     11C8       0
                text19                             21D0     21D0       16     10E8       0
                text18                             21BE     21BE       12     10DF       0
                text17                             226C     226C       20     1136       0
                text16                             2232     2232       1C     1119       0
                text15                             2B48     2B48      108     15A4       0
                text14                             26DC     26DC       74     136E       0
                text13                             266A     266A       72     1335       0
                text12                             3C0E     3C0E      3B8     1E07       0
                text11                             385C     385C      3B2     1C2E       0
                text10                             34CE     34CE      38E     1A67       0
                text9                              2A42     2A42      106     1521       0
                text8                              30AA     30AA      1B4     1855       0
                text7                              24DC     24DC       5E     126E       0
                text6                              22B6     22B6       2A     115B       0
                text5                              22E0     22E0       30     1170       0
                text4                              2888     2888       D6     1444       0
                text3                              234A     234A       46     11A5       0
                text2                              325E     325E      270     192F       0
                text1                              2C50     2C50      13C     1628       0
                text0                              2750     2750       92     13A8       0
                cstackCOMRAM                          1        1       35        1       1
                bssBANK1                            100      100       96      100       1
                dataBANK0                            60       60       53       60       1
                bssBANK0                             B3       B3        C       60       1
                dataCOMRAM                           5D       5D        1        1       1
                bssCOMRAM                            36       36       27        1       1
                cinit                              253A     253A       60     129D       0
                idataBANK0                         242B     242B       53     242B       0
                idataCOMRAM                        4000     4000        1     1FFE       0

TOTAL           Name                               Link     Load   Length     Space
        CLASS   CODE           
                init                               3FFC     3FFC        4         0
                reset_vec                             0        0        4         0
                text43                             2310     2310       3A         0
                text42                             25FE     25FE       6C         0
                text41                             23D8     23D8       52         0
                text40                             21E6     21E6       18         0
                text39                             2D8C     2D8C      18E         0
                text38                             259A     259A       64         0
                text37                             219A     219A       12         0
                text36                             2F1A     2F1A      190         0
                text35                             21FE     21FE       18         0
                text34                             247E     247E       5E         0
                text33                             295E     295E       E4         0
                text32                             2216     2216       1C         0
                text31                             27E2     27E2       A6         0
                text30                             215C     215C        6         0
                text29                             21AC     21AC       12         0
                text28                             2162     2162        8         0
                text27                             2182     2182        C         0
                text26                             216A     216A        8         0
                text25                             2172     2172        8         0
                text24                             217A     217A        8         0
                text23                             218E     218E        C         0
                text22                             228C     228C       2A         0
                text21                             224E     224E       1E         0
                text20                             2390     2390       48         0
                text19                             21D0     21D0       16         0
                text18                             21BE     21BE       12         0
                text17                             226C     226C       20         0
                text16                             2232     2232       1C         0
                text15                             2B48     2B48      108         0
                text14                             26DC     26DC       74         0
                text13                             266A     266A       72         0
                text12                             3C0E     3C0E      3B8         0
                text11                             385C     385C      3B2         0
                text10                             34CE     34CE      38E         0
                text9                              2A42     2A42      106         0
                text8                              30AA     30AA      1B4         0
                text7                              24DC     24DC       5E         0
                text6                              22B6     22B6       2A         0
                text5                              22E0     22E0       30         0
                text4                              2888     2888       D6         0
                text3                              234A     234A       46         0
                text2                              325E     325E      270         0
                text1                              2C50     2C50      13C         0
                text0                              2750     2750       92         0
                cinit                              253A     253A       60         0
                idataBANK0                         242B     242B       53         0
                idataCOMRAM                        4000     4000        1         0

        CLASS   CONST          

        CLASS   SMALLCONST     

        CLASS   MEDIUMCONST    
                mediumconst                        3FC6     3FC6       36         0

        CLASS   COMRAM         
                cstackCOMRAM                          1        1       35         1
                dataCOMRAM                           5D       5D        1         1
                bssCOMRAM                            36       36       27         1

        CLASS   ABS1           

        CLASS   BIGRAM         

        CLASS   RAM            

        CLASS   BANK0          
                dataBANK0                            60       60       53         1
                bssBANK0                             B3       B3        C         1

        CLASS   BANK1          
                bssBANK1                            100      100       96         1

        CLASS   BANK2          

        CLASS   BANK3          

        CLASS   BANK4          

        CLASS   BANK5          

        CLASS   SFR            

        CLASS   BIGSFR         

        CLASS   CONFIG         
                config                           300000   300000        E         4

        CLASS   IDLOC          
                idloc                            200000   200000        8         5

        CLASS   EEDATA         

        CLASS   FARRAM         

        CLASS   HEAP           

        CLASS   STACK          



SEGMENTS        Name                           Load    Length   Top    Selector   Space  Class

                reset_vec                      000000  000004  000004         0       0  CODE    
                cstackCOMRAM                   000001  00005D  00005E         1       1  COMRAM  
                dataBANK0                      000060  00005F  0000BF        60       1  BANK0   
                bssBANK1                       000100  000096  000196       100       1  BANK1   
                text30                         00215C  000006  002162      10AE       0  CODE    
                text28                         002162  000008  00216A      10B1       0  CODE    
                text26                         00216A  000008  002172      10B5       0  CODE    
                text25                         002172  000008  00217A      10B9       0  CODE    
                text24                         00217A  000008  002182      10BD       0  CODE    
                text27                         002182  00000C  00218E      10C1       0  CODE    
                text23                         00218E  00000C  00219A      10C7       0  CODE    
                text37                         00219A  000012  0021AC      10CD       0  CODE    
                text29                         0021AC  000012  0021BE      10D6       0  CODE    
                text18                         0021BE  000012  0021D0      10DF       0  CODE    
                text19                         0021D0  000016  0021E6      10E8       0  CODE    
                text40                         0021E6  000018  0021FE      10F3       0  CODE    
                text35                         0021FE  000018  002216      10FF       0  CODE    
                text32                         002216  00001C  002232      110B       0  CODE    
                text16                         002232  00001C  00224E      1119       0  CODE    
                text21                         00224E  00001E  00226C      1127       0  CODE    
                text17                         00226C  000020  00228C      1136       0  CODE    
                text22                         00228C  00002A  0022B6      1146       0  CODE    
                text6                          0022B6  00002A  0022E0      115B       0  CODE    
                text5                          0022E0  000030  002310      1170       0  CODE    
                text43                         002310  00003A  00234A      1188       0  CODE    
                text3                          00234A  000046  002390      11A5       0  CODE    
                text20                         002390  000048  0023D8      11C8       0  CODE    
                text41                         0023D8  000052  00242A      11EC       0  CODE    
                idataBANK0                     00242B  000053  00247E      242B       0  CODE    
                text34                         00247E  00005E  0024DC      123F       0  CODE    
                text7                          0024DC  00005E  00253A      126E       0  CODE    
                cinit                          00253A  000060  00259A      129D       0  CODE    
                text38                         00259A  000064  0025FE      12CD       0  CODE    
                text42                         0025FE  00006C  00266A      12FF       0  CODE    
                text13                         00266A  000072  0026DC      1335       0  CODE    
                text14                         0026DC  000074  002750      136E       0  CODE    
                text0                          002750  000092  0027E2      13A8       0  CODE    
                text31                         0027E2  0000A6  002888      13F1       0  CODE    
                text4                          002888  0000D6  00295E      1444       0  CODE    
                text33                         00295E  0000E4  002A42      14AF       0  CODE    
                text9                          002A42  000106  002B48      1521       0  CODE    
                text15                         002B48  000108  002C50      15A4       0  CODE    
                text1                          002C50  00013C  002D8C      1628       0  CODE    
                text39                         002D8C  00018E  002F1A      16C6       0  CODE    
                text36                         002F1A  000190  0030AA      178D       0  CODE    
                text8                          0030AA  0001B4  00325E      1855       0  CODE    
                text2                          00325E  000270  0034CE      192F       0  CODE    
                text10                         0034CE  00038E  00385C      1A67       0  CODE    
                text11                         00385C  0003B2  003C0E      1C2E       0  CODE    
                text12                         003C0E  0003B8  003FC6      1E07       0  CODE    
                mediumconst                    003FC6  000036  003FFC      1FE3       0  MEDIUMCO
                init                           003FFC  000005  004001      1FFE       0  CODE    


UNUSED ADDRESS RANGES

        Name                Unused          Largest block    Delta
        BANK0            0000BF-0000FF               41
        BANK1            000196-0001FF               6A
        BANK2            000200-0002FF              100
        BANK3            000300-0003FF              100
        BANK4            000400-0004FF              100
        BANK5            000500-0005FF              100
        BIGRAM           00005E-00005F                2
                         0000BF-0000FF               41
                         000196-0005FF              46A
        BIGSFR           000D00-000FFF              300
        CODE             000004-00215B             2158
                         00242A-00242A                1
        COMRAM           00005E-00005F                2
        CONST            000004-00215B             2158
                         00242A-00242A                1
        EEDATA           F00000-F000FF              100
        MEDIUMCONST      000600-00215B             1B5C
                         00242A-00242A                1
        RAM              0000BF-0000FF               41
                         000196-0005FF              100
        SFR              000D00-000FFF              100
        SMALLCONST       000600-00215B              100
                         00242A-00242A                1

                                  Symbol Table

?___fldiv                      cstackCOMRAM 00000F
?___fltol                      cstackCOMRAM 000028
?___lwdiv                      cstackCOMRAM 000001
?___lwmod                      cstackCOMRAM 000001
?___xxtofl                     cstackCOMRAM 000001
?_read_adc                     cstackCOMRAM 000001
?_strcmp                       cstackCOMRAM 000001
_ACKDT                         (abs)        007E2D
_ACKEN                         (abs)        007E2C
_ACKSTAT                       (abs)        007E2E
_ACQT0                         (abs)        007E03
_ACQT1                         (abs)        007E04
_ACQT2                         (abs)        007E05
_ADCON0                        (abs)        000FC2
_ADCON1                        (abs)        000FC1
_ADCS0                         (abs)        007E00
_ADCS1                         (abs)        007E01
_ADCS2                         (abs)        007E02
_ADFM                          (abs)        007E07
_ADON                          (abs)        007E10
_ADRESH                        (abs)        000FC4
_ADRESL                        (abs)        000FC3
_BCLIF                         (abs)        007D0B
_BRG16                         (abs)        007DC3
_BRGH                          (abs)        007D62
_CKE                           (abs)        007E3E
_CREN                          (abs)        007D5C
_EEADR                         (abs)        000FA9
_EECON1bits                    (abs)        000FA6
_EECON2                        (abs)        000FA7
_EEDATA                        (abs)        000FA8
_GIE                           (abs)        007F97
_GO                            (abs)        007E11
_GODONE                        (abs)        007E11
_PEN                           (abs)        007E2A
_PIR2bits                      (abs)        000FA1
_PORTB                         (abs)        000F81
_PORTBbits                     (abs)        000F81
_PORTD                         (abs)        000F83
_RBPU                          (abs)        007F8F
_RC0                           (abs)        007C10
_RC1                           (abs)        007C11
_RC2                           (abs)        007C12
_RCEN                          (abs)        007E2B
_RCIF                          (abs)        007CF5
_RD7                           (abs)        007C1F
_RSEN                          (abs)        007E29
_RX9                           (abs)        007D5E
_SEN                           (abs)        007E28
_SENDB                         (abs)        007D63
_SMP                           (abs)        007E3F
_SPBRG                         (abs)        000FAF
_SPEN                          (abs)        007D5F
_SSPADD                        (abs)        000FC8
_SSPBUF                        (abs)        000FC9
_SSPCON1                       (abs)        000FC6
_SSPIF                         (abs)        007CF3
_SYNC                          (abs)        007D64
_TRISB                         (abs)        000F93
_TRISC                         (abs)        000F94
_TRISC3                        (abs)        007CA3
_TRISC4                        (abs)        007CA4
_TRISC6                        (abs)        007CA6
_TRISC7                        (abs)        007CA7
_TRISD                         (abs)        000F95
_TRISD7                        (abs)        007CAF
_TX9                           (abs)        007D66
_TXEN                          (abs)        007D65
_TXIF                          (abs)        007CF4
_TXREG                         (abs)        000FAD
_VCFG0                         (abs)        007E0C
_VCFG1                         (abs)        007E0D
__HRAM                         (abs)        000000
__H__absolute__                __absolute__ 000000
__Habs1                        abs1         000000
__Hbank0                       bank0        000000
__Hbank1                       bank1        000000
__Hbank2                       bank2        000000
__Hbank3                       bank3        000000
__Hbank4                       bank4        000000
__Hbank5                       bank5        000000
__Hbigbss                      bigbss       000000
__Hbigdata                     bigdata      000000
__Hbigram                      bigram       000000
__Hbigsfr                      bigsfr       000000
__Hbss                         bss          000000
__HbssBANK0                    bssBANK0     000000
__HbssBANK1                    bssBANK1     000000
__HbssCOMRAM                   bssCOMRAM    000000
__Hcinit                       cinit        000000
__Hclrtext                     clrtext      000000
__Hcomram                      comram       000000
__Hconfig                      config       30000E
__Hconst                       const        000000
__HcstackCOMRAM                cstackCOMRAM 000000
__Hdata                        data         000000
__HdataBANK0                   dataBANK0    000000
__HdataCOMRAM                  dataCOMRAM   000000
__Heeprom_data                 eeprom_data  000000
__Hfarbss                      farbss       000000
__Hfardata                     fardata      000000
__Hheap                        heap         000000
__Hibigdata                    ibigdata     000000
__Hidata                       idata        000000
__HidataBANK0                  idataBANK0   000000
__HidataCOMRAM                 idataCOMRAM  000000
__Hidloc                       idloc        200008
__Hifardata                    ifardata     000000
__Hinit                        init         004000
__Hintcode                     intcode      000008
__Hintcode_body                intcode_body 000000
__Hintcodelo                   intcodelo    000018
__Hintentry                    intentry     000000
__Hintret                      intret       000000
__Hintsave_regs                intsave_regs 000000
__Hirdata                      irdata       000000
__Hmediumconst                 mediumconst  003FFC
__HnvFARRAM                    nvFARRAM     000000
__Hnvbit                       nvbit        000000
__Hnvrram                      nvrram       000000
__Hparam                       rparam       000000
__Hpowerup                     powerup      000000
__Hram                         ram          000000
__Hramtop                      ramtop       000600
__Hrbit                        rbit         000000
__Hrbss                        rbss         000000
__Hrdata                       rdata        000000
__Hreset_vec                   reset_vec    000004
__Hrparam                      rparam       000000
__Hsfr                         sfr          000000
__Hsivt_hi                     sivt_hi      000000
__Hsivt_lo                     sivt_lo      000018
__Hsmallconst                  smallconst   000000
__Hspace_0                     (abs)        004001
__Hspace_1                     (abs)        000196
__Hspace_2                     (abs)        000000
__Hspace_4                     (abs)        60000E
__Hstack                       stack        000000
__Hstruct                      struct       000000
__Htemp                        temp         000000
__Htext                        text         000000
__Htext0                       text0        000000
__Htext1                       text1        000000
__Htext10                      text10       000000
__Htext11                      text11       000000
__Htext12                      text12       000000
__Htext13                      text13       000000
__Htext14                      text14       000000
__Htext15                      text15       000000
__Htext16                      text16       000000
__Htext17                      text17       000000
__Htext18                      text18       000000
__Htext19                      text19       000000
__Htext2                       text2        000000
__Htext20                      text20       000000
__Htext21                      text21       000000
__Htext22                      text22       000000
__Htext23                      text23       000000
__Htext24                      text24       000000
__Htext25                      text25       000000
__Htext26                      text26       000000
__Htext27                      text27       000000
__Htext28                      text28       000000
__Htext29                      text29       000000
__Htext3                       text3        000000
__Htext30                      text30       000000
__Htext31                      text31       000000
__Htext32                      text32       000000
__Htext33                      text33       000000
__Htext34                      text34       000000
__Htext35                      text35       000000
__Htext36                      text36       000000
__Htext37                      text37       000000
__Htext38                      text38       000000
__Htext39                      text39       000000
__Htext4                       text4        000000
__Htext40                      text40       000000
__Htext41                      text41       000000
__Htext42                      text42       000000
__Htext43                      text43       000000
__Htext5                       text5        000000
__Htext6                       text6        000000
__Htext7                       text7        000000
__Htext8                       text8        000000
__Htext9                       text9        000000
__LRAM                         (abs)        000001
__L__absolute__                __absolute__ 000000
__Labs1                        abs1         000000
__Lbank0                       bank0        000000
__Lbank1                       bank1        000000
__Lbank2                       bank2        000000
__Lbank3                       bank3        000000
__Lbank4                       bank4        000000
__Lbank5                       bank5        000000
__Lbigbss                      bigbss       000000
__Lbigdata                     bigdata      000000
__Lbigram                      bigram       000000
__Lbigsfr                      bigsfr       000000
__Lbss                         bss          000000
__LbssBANK0                    bssBANK0     000000
__LbssBANK1                    bssBANK1     000000
__LbssCOMRAM                   bssCOMRAM    000000
__Lcinit                       cinit        000000
__Lclrtext                     clrtext      000000
__Lcomram                      comram       000000
__Lconfig                      config       000000
__Lconst                       const        000000
__LcstackCOMRAM                cstackCOMRAM 000000
__Ldata                        data         000000
__LdataBANK0                   dataBANK0    000000
__LdataCOMRAM                  dataCOMRAM   000000
__Leeprom_data                 eeprom_data  000000
__Lfarbss                      farbss       000000
__Lfardata                     fardata      000000
__Lheap                        heap         000000
__Libigdata                    ibigdata     000000
__Lidata                       idata        000000
__LidataBANK0                  idataBANK0   000000
__LidataCOMRAM                 idataCOMRAM  000000
__Lidloc                       idloc        000000
__Lifardata                    ifardata     000000
__Linit                        init         003FFC
__Lintcode                     intcode      000008
__Lintcode_body                intcode_body 000000
__Lintcodelo                   intcodelo    000018
__Lintentry                    intentry     000000
__Lintret                      intret       000000
__Lintsave_regs                intsave_regs 000000
__Lirdata                      irdata       000000
__Lmediumconst                 mediumconst  003FC6
__LnvFARRAM                    nvFARRAM     000000
__Lnvbit                       nvbit        000000
__Lnvrram                      nvrram       000000
__Lparam                       rparam       000000
__Lpowerup                     powerup      000000
__Lram                         ram          000000
__Lramtop                      ramtop       000600
__Lrbit                        rbit         000000
__Lrbss                        rbss         000000
__Lrdata                       rdata        000000
__Lreset_vec                   reset_vec    000000
__Lrparam                      rparam       000000
__Lsfr                         sfr          000000
__Lsivt_hi                     sivt_hi      000000
__Lsivt_lo                     sivt_lo      000018
__Lsmallconst                  smallconst   000000
__Lspace_0                     (abs)        000000
__Lspace_1                     (abs)        000000
__Lspace_2                     (abs)        000000
__Lspace_4                     (abs)        000000
__Lstack                       stack        000000
__Lstruct                      struct       000000
__Ltemp                        temp         000000
__Ltext                        text         000000
__Ltext0                       text0        000000
__Ltext1                       text1        000000
__Ltext10                      text10       000000
__Ltext11                      text11       000000
__Ltext12                      text12       000000
__Ltext13                      text13       000000
__Ltext14                      text14       000000
__Ltext15                      text15       000000
__Ltext16                      text16       000000
__Ltext17                      text17       000000
__Ltext18                      text18       000000
__Ltext19                      text19       000000
__Ltext2                       text2        000000
__Ltext20                      text20       000000
__Ltext21                      text21       000000
__Ltext22                      text22       000000
__Ltext23                      text23       000000
__Ltext24                      text24       000000
__Ltext25                      text25       000000
__Ltext26                      text26       000000
__Ltext27                      text27       000000
__Ltext28                      text28       000000
__Ltext29                      text29       000000
__Ltext3                       text3        000000
__Ltext30                      text30       000000
__Ltext31                      text31       000000
__Ltext32                      text32       000000
__Ltext33                      text33       000000
__Ltext34                      text34       000000
__Ltext35                      text35       000000
__Ltext36                      text36       000000
__Ltext37                      text37       000000
__Ltext38                      text38       000000
__Ltext39                      text39       000000
__Ltext4                       text4        000000
__Ltext40                      text40       000000
__Ltext41                      text41       000000
__Ltext42                      text42       000000
__Ltext43                      text43       000000
__Ltext5                       text5        000000
__Ltext6                       text6        000000
__Ltext7                       text7        000000
__Ltext8                       text8        000000
__Ltext9                       text9        000000
__S0                           (abs)        004001
__S1                           (abs)        000196
__S4                           (abs)        000000
__S5                           (abs)        000000
___fldiv                       text10       0034CE
___fldiv@a                     cstackCOMRAM 000013
___fldiv@aexp                  cstackCOMRAM 000027
___fldiv@b                     cstackCOMRAM 00000F
___fldiv@bexp                  cstackCOMRAM 000026
___fldiv@grs                   cstackCOMRAM 000022
___fldiv@new_exp               cstackCOMRAM 000020
___fldiv@rem                   cstackCOMRAM 00001B
___fldiv@sign                  cstackCOMRAM 00001F
___fltol                       text9        002A42
___fltol@exp1                  cstackCOMRAM 000031
___fltol@f1                    cstackCOMRAM 000028
___fltol@sign1                 cstackCOMRAM 000030
___heap_hi                     (abs)        000000
___heap_lo                     (abs)        000000
___inthi_sp                    stack        000000
___inthi_stack_hi              stack        000000
___inthi_stack_lo              stack        000000
___intlo_sp                    stack        000000
___intlo_stack_hi              stack        000000
___intlo_stack_lo              stack        000000
___lwdiv                       text13       00266A
___lwdiv@counter               cstackCOMRAM 000007
___lwdiv@dividend              cstackCOMRAM 000001
___lwdiv@divisor               cstackCOMRAM 000003
___lwdiv@quotient              cstackCOMRAM 000005
___lwmod                       text38       00259A
___lwmod@counter               cstackCOMRAM 000005
___lwmod@dividend              cstackCOMRAM 000001
___lwmod@divisor               cstackCOMRAM 000003
___param_bank                  (abs)        000000
___rparam_used                 (abs)        000001
___sp                          stack        000000
___stack_hi                    stack        000000
___stack_lo                    stack        000000
___xxtofl                      text8        0030AA
___xxtofl@arg                  cstackCOMRAM 00000B
___xxtofl@exp                  cstackCOMRAM 00000A
___xxtofl@sign                 cstackCOMRAM 000009
___xxtofl@val                  cstackCOMRAM 000001
__accesstop                    (abs)        000060
__activetblptr                 (abs)        000002
__end_of___fldiv               text10       00385C
__end_of___fltol               text9        002B48
__end_of___lwdiv               text13       0026DC
__end_of___lwmod               text38       0025FE
__end_of___xxtofl              text8        00325E
__end_of__initialization       cinit        002590
__end_of_blink_field           text12       003FC6
__end_of_clcd_print            text42       00266A
__end_of_clcd_putch            text40       0021FE
__end_of_clcd_write            text43       00234A
__end_of_clear_log             text41       00242A
__end_of_display_main_menu     text39       002F1A
__end_of_download_log          text33       002A42
__end_of_event_store           text4        00295E
__end_of_extract_data          text36       0030AA
__end_of_i2c_idle              text29       0021BE
__end_of_i2c_no_ack            text30       002162
__end_of_i2c_read              text27       00218E
__end_of_i2c_rep_start         text26       002172
__end_of_i2c_rx_mode           text28       00216A
__end_of_i2c_start             text25       00217A
__end_of_i2c_stop              text24       002182
__end_of_i2c_write             text23       00219A
__end_of_init_adc              text32       002232
__end_of_init_clcd             text31       002888
__end_of_init_config           text16       00224E
__end_of_init_ds1307           text20       0023D8
__end_of_init_i2c              text19       0021E6
__end_of_init_matrix_keypad    text18       0021D0
__end_of_init_uart             text17       00228C
__end_of_main                  text0        0027E2
__end_of_putch                 text35       002216
__end_of_puts                  text34       0024DC
__end_of_read_adc              text3        002390
__end_of_read_ds1307           text22       0022B6
__end_of_read_internal_eeprom  text37       0021AC
__end_of_read_switches         text14       002750
__end_of_scan_key              text15       002C50
__end_of_set_time              text11       003C0E
__end_of_strcmp                text7        00253A
__end_of_strcpy                text6        0022E0
__end_of_view_dashboard        text2        0034CE
__end_of_view_log              text1        002D8C
__end_of_write_ds1307          text21       00226C
__end_of_write_internal_eeprom text5        002310
__initialization               cinit        00253A
__mediumconst                  mediumconst  003FC6
__pbssBANK0                    bssBANK0     0000B3
__pbssBANK1                    bssBANK1     000100
__pbssCOMRAM                   bssCOMRAM    000036
__pcinit                       cinit        00253A
__pcstackCOMRAM                cstackCOMRAM 000001
__pdataBANK0                   dataBANK0    000060
__pdataCOMRAM                  dataCOMRAM   00005D
__pidataBANK0                  idataBANK0   00242B
__pidataCOMRAM                 idataCOMRAM  004000
__pmediumconst                 mediumconst  003FC6
__ptext0                       text0        002750
__ptext1                       text1        002C50
__ptext10                      text10       0034CE
__ptext11                      text11       00385C
__ptext12                      text12       003C0E
__ptext13                      text13       00266A
__ptext14                      text14       0026DC
__ptext15                      text15       002B48
__ptext16                      text16       002232
__ptext17                      text17       00226C
__ptext18                      text18       0021BE
__ptext19                      text19       0021D0
__ptext2                       text2        00325E
__ptext20                      text20       002390
__ptext21                      text21       00224E
__ptext22                      text22       00228C
__ptext23                      text23       00218E
__ptext24                      text24       00217A
__ptext25                      text25       002172
__ptext26                      text26       00216A
__ptext27                      text27       002182
__ptext28                      text28       002162
__ptext29                      text29       0021AC
__ptext3                       text3        00234A
__ptext30                      text30       00215C
__ptext31                      text31       0027E2
__ptext32                      text32       002216
__ptext33                      text33       00295E
__ptext34                      text34       00247E
__ptext35                      text35       0021FE
__ptext36                      text36       002F1A
__ptext37                      text37       00219A
__ptext38                      text38       00259A
__ptext39                      text39       002D8C
__ptext4                       text4        002888
__ptext40                      text40       0021E6
__ptext41                      text41       0023D8
__ptext42                      text42       0025FE
__ptext43                      text43       002310
__ptext5                       text5        0022E0
__ptext6                       text6        0022B6
__ptext7                       text7        0024DC
__ptext8                       text8        0030AA
__ptext9                       text9        002A42
__ramtop                       ramtop       000600
__smallconst                   mediumconst  003FC6
_addr                          bssCOMRAM    000059
_blink_field                   text12       003C0E
_clcd_print                    text42       0025FE
_clcd_putch                    text40       0021E6
_clcd_write                    text43       002310
_clear_log                     text41       0023D8
_clock_reg                     bssCOMRAM    000036
_count                         bssCOMRAM    000039
_count_evnt                    bssCOMRAM    00004D
_display_main_menu             text39       002D8C
_download_log                  text33       00295E
_event_store                   text4        002888
_extract_data                  text36       002F1A
_extract_data$198              cstackCOMRAM 00000A
_field                         bssCOMRAM    00003B
_flag                          bssCOMRAM    000049
_gear                          dataBANK0    000098
_gear_index                    bssCOMRAM    000051
_hr                            bssCOMRAM    000043
_hr12                          bssCOMRAM    00003D
_i2c_idle                      text29       0021AC
_i2c_no_ack                    text30       00215C
_i2c_read                      text27       002182
_i2c_rep_start                 text26       00216A
_i2c_rx_mode                   text28       002162
_i2c_start                     text25       002172
_i2c_stop                      text24       00217A
_i2c_write                     text23       00218E
_incre                         bssCOMRAM    000056
_init_adc                      text32       002216
_init_clcd                     text31       0027E2
_init_config                   text16       002232
_init_ds1307                   text20       002390
_init_i2c                      text19       0021D0
_init_matrix_keypad            text18       0021BE
_init_uart                     text17       00226C
_key                           bssCOMRAM    000055
_log_index                     bssCOMRAM    000047
_main                          text0        002750
_menu                          dataBANK0    000060
_menu_index                    bssCOMRAM    00004B
_min_val                       bssCOMRAM    00003F
_prev                          bssBANK0     0000BC
_prev_s                        bssCOMRAM    000057
_putch                         text35       0021FE
_puts                          text34       00247E
_read_adc                      text3        00234A
_read_data                     bssBANK1     000100
_read_ds1307                   text22       00228C
_read_internal_eeprom          text37       00219A
_read_switches                 text14       0026DC
_scan_key                      text15       002B48
_sec_val                       bssCOMRAM    000041
_set_time                      text11       00385C
_size                          bssCOMRAM    000045
_speed                         bssCOMRAM    00004F
_speed1                        bssCOMRAM    00005A
_state                         bssCOMRAM    000058
_strcmp                        text7        0024DC
_strcpy                        text6        0022B6
_time_buf                      bssBANK0     0000B3
_view_dashboard                text2        00325E
_view_log                      text1        002C50
_write_ds1307                  text21       00224E
_write_internal_eeprom         text5        0022E0
blink_field@f                  cstackCOMRAM 00000A
clcd_print@addr                cstackCOMRAM 000005
clcd_print@data                cstackCOMRAM 000003
clcd_putch@addr                cstackCOMRAM 000008
clcd_putch@data                cstackCOMRAM 000009
clcd_write@byte                cstackCOMRAM 000002
clcd_write@control_bit         cstackCOMRAM 000001
download_log@i                 cstackCOMRAM 000012
end_of_initialization          cinit        002590
event_store@i                  cstackCOMRAM 000005
extract_data@i                 cstackCOMRAM 00000C
extract_data@j                 cstackCOMRAM 00000E
i2c_write@data                 cstackCOMRAM 000001
init_ds1307@dummy              cstackCOMRAM 00000A
intlevel0                      text         000000
intlevel1                      text         000000
intlevel2                      text         000000
intlevel3                      text         000000
isa$std                        (abs)        000001
isa$xinst                      (abs)        000000
putch@byte                     cstackCOMRAM 000001
puts@s                         cstackCOMRAM 000002
read_adc@channel               cstackCOMRAM 000007
read_adc@reg_val               cstackCOMRAM 000005
read_ds1307@address            cstackCOMRAM 000002
read_ds1307@data               cstackCOMRAM 000003
read_internal_eeprom@address   cstackCOMRAM 000001
read_switches@detection_type   cstackCOMRAM 000001
read_switches@key              bssCOMRAM    000053
read_switches@once             dataCOMRAM   00005D
set_time@hour_reg              cstackCOMRAM 000012
set_time@init_flag             bssCOMRAM    000054
stackhi                        (abs)        000000
stacklo                        (abs)        000000
start                          init         003FFC
start_initialization           cinit        00253A
strcmp@l                       cstackCOMRAM 000001
strcmp@r                       cstackCOMRAM 000002
strcpy@d                       cstackCOMRAM 000003
strcpy@dest                    cstackCOMRAM 000001
strcpy@src                     cstackCOMRAM 000002
write_ds1307@address           cstackCOMRAM 000009
write_ds1307@data              cstackCOMRAM 000008
write_internal_eeprom@address  cstackCOMRAM 000002
write_internal_eeprom@data     cstackCOMRAM 000001


MODULE INFORMATION

Module		Function		Class		Link	Load	Size
C:\Program Files\Microchip\xc8\v3.10\pic\sources\c99\common\lwmod.c
		___lwmod       		CODE           	259A	0000	100

C:\Program Files\Microchip\xc8\v3.10\pic\sources\c99\common\lwmod.c estimated size: 100

matrix_keypad.c
		_init_matrix_keypad		CODE           	21BE	0000	18
		_read_switches 		CODE           	26DC	0000	116
		_scan_key      		CODE           	2B48	0000	264

matrix_keypad.c estimated size: 398

uart.c
		_putch         		CODE           	21FE	0000	24
		_init_uart     		CODE           	226C	0000	32
		_puts          		CODE           	247E	0000	94

uart.c estimated size: 150

i2c.c
		_i2c_start     		CODE           	2172	0000	8
		_i2c_no_ack    		CODE           	215C	0000	6
		_i2c_rep_start 		CODE           	216A	0000	8
		_i2c_idle      		CODE           	21AC	0000	18
		_i2c_write     		CODE           	218E	0000	12
		_i2c_stop      		CODE           	217A	0000	8
		_i2c_read      		CODE           	2182	0000	12
		_init_i2c      		CODE           	21D0	0000	22
		_i2c_rx_mode   		CODE           	2162	0000	8

i2c.c estimated size: 102

ds1307.c
		_read_ds1307   		CODE           	228C	0000	42
		_write_ds1307  		CODE           	224E	0000	30
		_init_ds1307   		CODE           	2390	0000	72

ds1307.c estimated size: 144

C:\Program Files\Microchip\xc8\v3.10\pic\sources\c99\common\lwdiv.c
		___lwdiv       		CODE           	266A	0000	114

C:\Program Files\Microchip\xc8\v3.10\pic\sources\c99\common\lwdiv.c estimated size: 114

eeprom.c
		_read_internal_eeprom		CODE           	219A	0000	18
		_write_internal_eeprom		CODE           	22E0	0000	48

eeprom.c estimated size: 66

adc.c
		_init_adc      		CODE           	2216	0000	28
		_read_adc      		CODE           	234A	0000	70

adc.c estimated size: 98

C:\Program Files\Microchip\xc8\v3.10\pic\sources\c99\common\fltol.c
		___fltol       		CODE           	2A42	0000	262

C:\Program Files\Microchip\xc8\v3.10\pic\sources\c99\common\fltol.c estimated size: 262

C:\Program Files\Microchip\xc8\v3.10\pic\sources\c99\common\xxtofl.c
		___xxtofl      		CODE           	30AA	0000	436

C:\Program Files\Microchip\xc8\v3.10\pic\sources\c99\common\xxtofl.c estimated size: 436

C:\Program Files\Microchip\xc8\v3.10\pic\sources\c99\common\sprcdiv.c
		___fldiv       		CODE           	34CE	0000	910

C:\Program Files\Microchip\xc8\v3.10\pic\sources\c99\common\sprcdiv.c estimated size: 910

shared
		__initialization		CODE           	253A	0000	86

shared estimated size: 86

clcd.c
		_clcd_write    		CODE           	2310	0000	58
		_clcd_print    		CODE           	25FE	0000	108
		_clcd_putch    		CODE           	21E6	0000	24
		_init_clcd     		CODE           	27E2	0000	166

clcd.c estimated size: 356

C:\Program Files\Microchip\xc8\v3.10\pic\sources\c99\common\strcmp.c
		_strcmp        		CODE           	24DC	0000	94

C:\Program Files\Microchip\xc8\v3.10\pic\sources\c99\common\strcmp.c estimated size: 94

C:\Program Files\Microchip\xc8\v3.10\pic\sources\c99\common\strcpy.c
		_strcpy        		CODE           	22B6	0000	42

C:\Program Files\Microchip\xc8\v3.10\pic\sources\c99\common\strcpy.c estimated size: 42

main.c
		_view_log      		CODE           	2C50	0000	316
		_extract_data  		CODE           	2F1A	0000	400
		_event_store   		CODE           	2888	0000	214
		_main          		CODE           	2750	0000	146
		_display_main_menu		CODE           	2D8C	0000	398
		_download_log  		CODE           	295E	0000	228
		_set_time      		CODE           	385C	0000	946
		_blink_field   		CODE           	3C0E	0000	952
		_clear_log     		CODE           	23D8	0000	82
		_init_config   		CODE           	2232	0000	28
		_view_dashboard		CODE           	325E	0000	624

main.c estimated size: 4334

